// Jest Snapshot v1, https://goo.gl/fbAQLP

exports[`BookingCalendar Component should render correctly when given a valid listing ID 1`] = `ShallowWrapper {}`;
