// Jest Snapshot v1, https://goo.gl/fbAQLP

exports[`Calendar Component should render correctly when given a valid listing ID 1`] = `ShallowWrapper {}`;

exports[`Calendar Component should render correctly with no props 1`] = `ShallowWrapper {}`;
